{"log":
 [{"message":
   ".> LEAN_PATH=././.lake/packages/batteries/.lake/build/lib:././.lake/packages/Qq/.lake/build/lib:././.lake/packages/aesop/.lake/build/lib:././.lake/packages/proofwidgets/.lake/build/lib:././.lake/packages/Cli/.lake/build/lib:././.lake/packages/importGraph/.lake/build/lib:././.lake/packages/LeanSearchClient/.lake/build/lib:././.lake/packages/plausible/.lake/build/lib:././.lake/packages/mathlib/.lake/build/lib:././.lake/build/lib DYLD_LIBRARY_PATH= /Users/mac/.elan/toolchains/leanprover--lean4---v4.13.0/bin/lean ././././PokerLean/State/HandEvaluator.lean -R ./././. -o ././.lake/build/lib/PokerLean/State/HandEvaluator.olean -i ././.lake/build/lib/PokerLean/State/HandEvaluator.ilean -c ././.lake/build/ir/PokerLean/State/HandEvaluator.c --json",
   "level": "trace"},
  {"message":
   "././././PokerLean/State/HandEvaluator.lean:90:22: unused variable `h1`\nnote: this linter can be disabled with `set_option linter.unusedVariables false`",
   "level": "warning"},
  {"message":
   "././././PokerLean/State/HandEvaluator.lean:90:33: unused variable `h1`\nnote: this linter can be disabled with `set_option linter.unusedVariables false`",
   "level": "warning"},
  {"message":
   "././././PokerLean/State/HandEvaluator.lean:90:37: unused variable `h2`\nnote: this linter can be disabled with `set_option linter.unusedVariables false`",
   "level": "warning"},
  {"message":
   "././././PokerLean/State/HandEvaluator.lean:90:48: unused variable `h1`\nnote: this linter can be disabled with `set_option linter.unusedVariables false`",
   "level": "warning"},
  {"message":
   "././././PokerLean/State/HandEvaluator.lean:90:52: unused variable `h2`\nnote: this linter can be disabled with `set_option linter.unusedVariables false`",
   "level": "warning"},
  {"message":
   "././././PokerLean/State/HandEvaluator.lean:90:56: unused variable `h3`\nnote: this linter can be disabled with `set_option linter.unusedVariables false`",
   "level": "warning"},
  {"message":
   "././././PokerLean/State/HandEvaluator.lean:91:7: unused variable `h1`\nnote: this linter can be disabled with `set_option linter.unusedVariables false`",
   "level": "warning"},
  {"message":
   "././././PokerLean/State/HandEvaluator.lean:91:11: unused variable `h2`\nnote: this linter can be disabled with `set_option linter.unusedVariables false`",
   "level": "warning"},
  {"message":
   "././././PokerLean/State/HandEvaluator.lean:91:15: unused variable `h3`\nnote: this linter can be disabled with `set_option linter.unusedVariables false`",
   "level": "warning"},
  {"message":
   "././././PokerLean/State/HandEvaluator.lean:91:19: unused variable `h4`\nnote: this linter can be disabled with `set_option linter.unusedVariables false`",
   "level": "warning"},
  {"message":
   "././././PokerLean/State/HandEvaluator.lean:91:30: unused variable `h1`\nnote: this linter can be disabled with `set_option linter.unusedVariables false`",
   "level": "warning"},
  {"message":
   "././././PokerLean/State/HandEvaluator.lean:91:34: unused variable `h2`\nnote: this linter can be disabled with `set_option linter.unusedVariables false`",
   "level": "warning"},
  {"message":
   "././././PokerLean/State/HandEvaluator.lean:91:38: unused variable `h3`\nnote: this linter can be disabled with `set_option linter.unusedVariables false`",
   "level": "warning"},
  {"message":
   "././././PokerLean/State/HandEvaluator.lean:91:42: unused variable `h4`\nnote: this linter can be disabled with `set_option linter.unusedVariables false`",
   "level": "warning"},
  {"message":
   "././././PokerLean/State/HandEvaluator.lean:91:46: unused variable `h5`\nnote: this linter can be disabled with `set_option linter.unusedVariables false`",
   "level": "warning"},
  {"message":
   "././././PokerLean/State/HandEvaluator.lean:356:24: unused variable `s`\nnote: this linter can be disabled with `set_option linter.unusedVariables false`",
   "level": "warning"}],
 "depHash": "10706445801097655456"}