{"log":
 [{"message":
   ".> LEAN_PATH=././.lake/packages/batteries/.lake/build/lib:././.lake/packages/Qq/.lake/build/lib:././.lake/packages/aesop/.lake/build/lib:././.lake/packages/proofwidgets/.lake/build/lib:././.lake/packages/Cli/.lake/build/lib:././.lake/packages/importGraph/.lake/build/lib:././.lake/packages/LeanSearchClient/.lake/build/lib:././.lake/packages/plausible/.lake/build/lib:././.lake/packages/mathlib/.lake/build/lib:././.lake/build/lib DYLD_LIBRARY_PATH= /Users/mac/.elan/toolchains/leanprover--lean4---v4.13.0/bin/lean ././././PokerLean/State/Invariants.lean -R ./././. -o ././.lake/build/lib/PokerLean/State/Invariants.olean -i ././.lake/build/lib/PokerLean/State/Invariants.ilean -c ././.lake/build/ir/PokerLean/State/Invariants.c --json",
   "level": "trace"},
  {"message":
   "././././PokerLean/State/Invariants.lean:166:53: unused variable `h_rake_le`\nnote: this linter can be disabled with `set_option linter.unusedVariables false`",
   "level": "warning"},
  {"message":
   "././././PokerLean/State/Invariants.lean:521:8: unused variable `h`\nnote: this linter can be disabled with `set_option linter.unusedVariables false`",
   "level": "warning"},
  {"message":
   "././././PokerLean/State/Invariants.lean:525:8: unused variable `h`\nnote: this linter can be disabled with `set_option linter.unusedVariables false`",
   "level": "warning"},
  {"message":
   "././././PokerLean/State/Invariants.lean:529:8: unused variable `h`\nnote: this linter can be disabled with `set_option linter.unusedVariables false`",
   "level": "warning"},
  {"message":
   "././././PokerLean/State/Invariants.lean:535:8: unused variable `h`\nnote: this linter can be disabled with `set_option linter.unusedVariables false`",
   "level": "warning"},
  {"message":
   "././././PokerLean/State/Invariants.lean:685:10: unused variable `hbr`\nnote: this linter can be disabled with `set_option linter.unusedVariables false`",
   "level": "warning"},
  {"message":
   "././././PokerLean/State/Invariants.lean:767:5: unused variable `h_len`\nnote: this linter can be disabled with `set_option linter.unusedVariables false`",
   "level": "warning"},
  {"message":
   "././././PokerLean/State/Invariants.lean:812:5: unused variable `h_round`\nnote: this linter can be disabled with `set_option linter.unusedVariables false`",
   "level": "warning"},
  {"message":
   "././././PokerLean/State/Invariants.lean:832:9: unused variable `h_needed_le_stack`\nnote: this linter can be disabled with `set_option linter.unusedVariables false`",
   "level": "warning"}],
 "depHash": "18163738712986018987"}