{"log":
 [{"message":
   ".> LEAN_PATH=././.lake/packages/batteries/.lake/build/lib:././.lake/packages/Qq/.lake/build/lib:././.lake/packages/aesop/.lake/build/lib:././.lake/packages/proofwidgets/.lake/build/lib:././.lake/packages/Cli/.lake/build/lib:././.lake/packages/importGraph/.lake/build/lib:././.lake/packages/LeanSearchClient/.lake/build/lib:././.lake/packages/plausible/.lake/build/lib:././.lake/packages/mathlib/.lake/build/lib:././.lake/build/lib DYLD_LIBRARY_PATH= /Users/mac/.elan/toolchains/leanprover--lean4---v4.13.0/bin/lean ././././PokerLean/State/SubPhases.lean -R ./././. -o ././.lake/build/lib/PokerLean/State/SubPhases.olean -i ././.lake/build/lib/PokerLean/State/SubPhases.ilean -c ././.lake/build/ir/PokerLean/State/SubPhases.c --json",
   "level": "trace"},
  {"message":
   "././././PokerLean/State/SubPhases.lean:183:17: unused variable `h1`\nnote: this linter can be disabled with `set_option linter.unusedVariables false`",
   "level": "warning"},
  {"message":
   "././././PokerLean/State/SubPhases.lean:183:28: unused variable `h1`\nnote: this linter can be disabled with `set_option linter.unusedVariables false`",
   "level": "warning"},
  {"message":
   "././././PokerLean/State/SubPhases.lean:192:17: unused variable `h1`\nnote: this linter can be disabled with `set_option linter.unusedVariables false`",
   "level": "warning"},
  {"message":
   "././././PokerLean/State/SubPhases.lean:192:28: unused variable `h1`\nnote: this linter can be disabled with `set_option linter.unusedVariables false`",
   "level": "warning"},
  {"message":
   "././././PokerLean/State/SubPhases.lean:278:17: unused variable `h1`\nnote: this linter can be disabled with `set_option linter.unusedVariables false`",
   "level": "warning"},
  {"message":
   "././././PokerLean/State/SubPhases.lean:278:28: unused variable `h1`\nnote: this linter can be disabled with `set_option linter.unusedVariables false`",
   "level": "warning"},
  {"message":
   "././././PokerLean/State/SubPhases.lean:278:39: unused variable `h1`\nnote: this linter can be disabled with `set_option linter.unusedVariables false`",
   "level": "warning"},
  {"message":
   "././././PokerLean/State/SubPhases.lean:278:50: unused variable `h1`\nnote: this linter can be disabled with `set_option linter.unusedVariables false`",
   "level": "warning"},
  {"message":
   "././././PokerLean/State/SubPhases.lean:278:61: unused variable `h1`\nnote: this linter can be disabled with `set_option linter.unusedVariables false`",
   "level": "warning"},
  {"message":
   "././././PokerLean/State/SubPhases.lean:290:17: unused variable `h1`\nnote: this linter can be disabled with `set_option linter.unusedVariables false`",
   "level": "warning"},
  {"message":
   "././././PokerLean/State/SubPhases.lean:290:28: unused variable `h1`\nnote: this linter can be disabled with `set_option linter.unusedVariables false`",
   "level": "warning"},
  {"message":
   "././././PokerLean/State/SubPhases.lean:290:39: unused variable `h1`\nnote: this linter can be disabled with `set_option linter.unusedVariables false`",
   "level": "warning"},
  {"message":
   "././././PokerLean/State/SubPhases.lean:290:50: unused variable `h1`\nnote: this linter can be disabled with `set_option linter.unusedVariables false`",
   "level": "warning"},
  {"message":
   "././././PokerLean/State/SubPhases.lean:290:61: unused variable `h1`\nnote: this linter can be disabled with `set_option linter.unusedVariables false`",
   "level": "warning"},
  {"message":
   "././././PokerLean/State/SubPhases.lean:349:17: unused variable `h1`\nnote: this linter can be disabled with `set_option linter.unusedVariables false`",
   "level": "warning"}],
 "depHash": "3718685491019003349"}