{"log":
 [{"message":
   ".> LEAN_PATH=././.lake/packages/batteries/.lake/build/lib:././.lake/packages/Qq/.lake/build/lib:././.lake/packages/aesop/.lake/build/lib:././.lake/packages/proofwidgets/.lake/build/lib:././.lake/packages/Cli/.lake/build/lib:././.lake/packages/importGraph/.lake/build/lib:././.lake/packages/LeanSearchClient/.lake/build/lib:././.lake/packages/plausible/.lake/build/lib:././.lake/packages/mathlib/.lake/build/lib:././.lake/build/lib DYLD_LIBRARY_PATH= /Users/mac/.elan/toolchains/leanprover--lean4---v4.13.0/bin/lean ././././PokerLean.lean -R ./././. -o ././.lake/build/lib/PokerLean.olean -i ././.lake/build/lib/PokerLean.ilean -c ././.lake/build/ir/PokerLean.c --json",
   "level": "trace"},
  {"message":
   "././././PokerLean.lean:91:5: unused variable `hseat`\nnote: this linter can be disabled with `set_option linter.unusedVariables false`",
   "level": "warning"},
  {"message":
   "././././PokerLean.lean:126:5: unused variable `hseat`\nnote: this linter can be disabled with `set_option linter.unusedVariables false`",
   "level": "warning"},
  {"message":
   "././././PokerLean.lean:149:5: unused variable `hseat`\nnote: this linter can be disabled with `set_option linter.unusedVariables false`",
   "level": "warning"},
  {"message":
   "././././PokerLean.lean:173:5: unused variable `hseat`\nnote: this linter can be disabled with `set_option linter.unusedVariables false`",
   "level": "warning"},
  {"message":
   "././././PokerLean.lean:197:5: unused variable `hseat`\nnote: this linter can be disabled with `set_option linter.unusedVariables false`",
   "level": "warning"},
  {"message":
   "././././PokerLean.lean:221:5: unused variable `hseat`\nnote: this linter can be disabled with `set_option linter.unusedVariables false`",
   "level": "warning"},
  {"message":
   "././././PokerLean.lean:234:5: unused variable `hseat`\nnote: this linter can be disabled with `set_option linter.unusedVariables false`",
   "level": "warning"},
  {"message":
   "././././PokerLean.lean:248:5: unused variable `hseat`\nnote: this linter can be disabled with `set_option linter.unusedVariables false`",
   "level": "warning"},
  {"message":
   "././././PokerLean.lean:263:5: unused variable `hseat`\nnote: this linter can be disabled with `set_option linter.unusedVariables false`",
   "level": "warning"},
  {"message":
   "././././PokerLean.lean:278:5: unused variable `hseat`\nnote: this linter can be disabled with `set_option linter.unusedVariables false`",
   "level": "warning"},
  {"message":
   "././././PokerLean.lean:331:5: unused variable `hseat`\nnote: this linter can be disabled with `set_option linter.unusedVariables false`",
   "level": "warning"},
  {"message":
   "././././PokerLean.lean:344:5: unused variable `hseat`\nnote: this linter can be disabled with `set_option linter.unusedVariables false`",
   "level": "warning"},
  {"message":
   "././././PokerLean.lean:359:5: unused variable `hseat`\nnote: this linter can be disabled with `set_option linter.unusedVariables false`",
   "level": "warning"},
  {"message":
   "././././PokerLean.lean:374:5: unused variable `hseat`\nnote: this linter can be disabled with `set_option linter.unusedVariables false`",
   "level": "warning"},
  {"message":
   "././././PokerLean.lean:387:5: unused variable `hseat`\nnote: this linter can be disabled with `set_option linter.unusedVariables false`",
   "level": "warning"},
  {"message":
   "././././PokerLean.lean:401:5: unused variable `hseat`\nnote: this linter can be disabled with `set_option linter.unusedVariables false`",
   "level": "warning"},
  {"message":
   "././././PokerLean.lean:415:5: unused variable `hseat`\nnote: this linter can be disabled with `set_option linter.unusedVariables false`",
   "level": "warning"}],
 "depHash": "14318480874744812259"}